// Jest Snapshot v1, https://goo.gl/fbAQLP

exports[`should match snapshot 1`] = `
<div
  className="css-1hph391"
>
  <img
    alt="logo"
    src="logo.svg"
  />
  <span>
    Fiora
  </span>
</div>
`;
